ak991x_dri_0.json
lsm6dso_0.json
sm8650_ak991x_0.json
sm8650_bmi26x_0.json
sm8650_bmp5_0.json
sm8650_lsm6dso_0.json
sm8650_sx937x_0.json
sm8650_sx937x_1.json
sm8650_tcs3408.json
sm8650_tcs3720_fb.json
sm8650_vl53l1_tof_0.json
sns_ccd_v1_0_amd.json
sns_ccd_v1_0_ttw.json
sns_ccd_v2_0_walk.json
sns_ccd_v3_0_walk.json
sns_ccd_v3_1_walk.json
sns_ccd_v4_0_sensors.json
sns_ccd_v4_0_te_cd_regs.json
sns_ccd_v5.json
sns_ccd_v5_0_te_cd_regs.json
sns_ccd_v5_1_te_cd_regs.json
sns_cm.json
sns_dae.json
sns_device_orient.json
sns_diag_filter.json
sns_direct_channel.json
sns_distance_bound.json
sns_dpc.json
sns_facing.json
sns_fmv.json
sns_fmv_legacy.json
sns_geomag_rv.json
sns_gyro_cal.json
sns_mag_cal.json
sns_mag_cal_legacy.json
sns_nonui.json
sns_oem13.json
sns_oem_pocket.json
sns_offbody_detect_phone.json
sns_pedometer.json
sns_rmd.json
sns_rotv.json
sns_sar_algo.json
sns_sar_algo_1.json
sns_smd.json
sns_tilt.json
sns_tilt_sw_disabled.json
sns_tilt_sw_enabled.json
sns_tilt_to_wake.json
sx937x_0.json
sx937x_1.json
sx937x_reg_0.json
sx937x_reg_1.json
tcs3408.json
vl53l1_tof_0.json
qsh_ble.json
lanai_qsh_ble_0.json
qsh_camera_common.json
qsh_camera_aon_front_1.json
sm8650_irq.json
sm8650_power_0.json
sns_amd.json
sns_amd_sw_disabled.json
sns_amd_sw_enabled.json
sns_aod.json
sns_dbtap.json
sns_pointing_light_source.json
sns_screen_down.json
sm8650_default_sensors.json
sm8650_dynamic_sensors.json
ak7323.json
sm8650_ak7323.json
sns_collision_detection.json
sns_gyro_cal_dynamic.json
chre_dynamic_sensors.json
